Initial state for member 1:
 Valid time: 2010-01-02T00:00:00Z
 Min=3.5360944731346300e+00, Max=1.1197408772662600e+01, Average=7.9097771698488781e+00
Initial state for member 2:
 Valid time: 2010-01-02T00:00:00Z
 Min=3.7750714660572902e+00, Max=1.1184390839101701e+01, Average=7.7504740680820658e+00
Initial state for member 3:
 Valid time: 2010-01-02T00:00:00Z
 Min=5.3688150613089300e+00, Max=1.0844015150837601e+01, Average=7.8057606908578121e+00
Initial state for member 4:
 Valid time: 2010-01-02T00:00:00Z
 Min=4.1463865178134700e+00, Max=1.1673384864377301e+01, Average=7.7600117472793597e+00
Initial state for member 5:
 Valid time: 2010-01-02T00:00:00Z
 Min=3.1756287528176999e+00, Max=1.0818287765402999e+01, Average=7.6024271099360359e+00
H(x) for member 1:
Lorenz 95 nobs= 40 Min=3.5360944731346300e+00, Max=1.1197408772662600e+01, Average=7.9242165811889418e+00

H(x) for member 2:
Lorenz 95 nobs= 40 Min=3.7750714660572902e+00, Max=1.0140863272055700e+01, Average=7.7627958520376783e+00

H(x) for member 3:
Lorenz 95 nobs= 40 Min=5.9000234408480896e+00, Max=1.0844015150837601e+01, Average=7.7949970142396428e+00

H(x) for member 4:
Lorenz 95 nobs= 40 Min=4.1463865178134700e+00, Max=1.1673384864377301e+01, Average=7.7510445048735317e+00

H(x) for member 5:
Lorenz 95 nobs= 40 Min=4.0852359076666502e+00, Max=1.0818287765402999e+01, Average=7.6347405115901257e+00

H(x) ensemble background mean: 
Lorenz 95 nobs= 40 Min=5.2519885916484164e+00, Max=9.5020752396112194e+00, Average=7.7735588927859851e+00

background y - H(x): 
Lorenz 95 nobs= 40 Min=-1.4742452396112196e+00, Max=2.7415614083515836e+00, Average=2.3672010721401576e-01

Background mean :
 Valid time: 2010-01-02T00:00:00Z
 Min=5.2519885916484164e+00, Max=9.5020752396112176e+00, Average=7.7656901572008321e+00
Analysis mean :
 Valid time: 2010-01-02T00:00:00Z
 Min=6.6249623928275465e+00, Max=9.4389840098035815e+00, Average=8.0428239225945468e+00
Analysis mean increment :
 Valid time: 2010-01-02T00:00:00Z
 Min=-1.4949255322171062e+00, Max=2.4313274341290576e+00, Average=2.7713376539371415e-01
Forecast variance :
 Valid time: 2010-01-02T00:00:00Z
 Min=1.8005268601820407e-01, Max=5.9517881311415444e+00, Average=2.1631132241838325e+00
Analysis variance :
 Valid time: 2010-01-02T00:00:00Z
 Min=1.6122403628444335e-01, Max=3.9056021427204621e+00, Average=1.4793076280506470e+00
H(x) for member 1:
Lorenz 95 nobs= 40 Min=6.3164023565008343e+00, Max=9.7317844949662895e+00, Average=8.0667650106323840e+00

H(x) for member 2:
Lorenz 95 nobs= 40 Min=5.5580967342113974e+00, Max=9.5223323125758821e+00, Average=7.9537520244143307e+00

H(x) for member 3:
Lorenz 95 nobs= 40 Min=6.1662314356720724e+00, Max=9.8014504635037039e+00, Average=7.9658959430002394e+00

H(x) for member 4:
Lorenz 95 nobs= 40 Min=4.3166171134268252e+00, Max=1.1786918140371402e+01, Average=7.9337212991822330e+00

H(x) for member 5:
Lorenz 95 nobs= 40 Min=5.6734227655581471e+00, Max=9.8158537563741959e+00, Average=7.8518546254638109e+00

H(x) ensemble analysis mean: 
Lorenz 95 nobs= 40 Min=6.6249623928275456e+00, Max=9.4389840098035815e+00, Average=7.9543977805386010e+00

analysis y - H(x): 
Lorenz 95 nobs= 40 Min=-1.6086400980358206e-01, Max=3.2289995047580167e-01, Average=5.5881219461400657e-02

ombg RMS: 9.5118895417045601e-01
oman RMS: 1.2699450352117916e-01
