3c3,4
<  Min=3.5360944731346300e+00, Max=1.1197408772662600e+01, Average=7.9097771698488781e+00
---
>  Min=3.5360944731346300e+00, Max=1.1197408772662600e+01, Average=7.9097771698488772e+00
> 
6c7,8
<  Min=3.7750714660572902e+00, Max=1.1184390839101701e+01, Average=7.7504740680820658e+00
---
>  Min=3.7750714660572902e+00, Max=1.1184390839101701e+01, Average=7.7504740680820676e+00
> 
9a12
> 
12c15,16
<  Min=4.1463865178134700e+00, Max=1.1673384864377301e+01, Average=7.7600117472793597e+00
---
>  Min=4.1463865178134700e+00, Max=1.1673384864377301e+01, Average=7.7600117472793588e+00
> 
15c19,20
<  Min=3.1756287528176999e+00, Max=1.0818287765402999e+01, Average=7.6024271099360359e+00
---
>  Min=3.1756287528176999e+00, Max=1.0818287765402999e+01, Average=7.6024271099360377e+00
> 
17c22
< Lorenz 95 nobs= 120 Min=3.5360944731346300e+00, Max=1.1197408772662600e+01, Average=7.9097771698488808e+00
---
> Lorenz 95 nobs= 120 Min=3.5360944731346300e+00, Max=1.1197408772662600e+01, Average=7.9097771698488772e+00
20c25
< Lorenz 95 nobs= 120 Min=3.7750714660572902e+00, Max=1.1184390839101701e+01, Average=7.7504740680820694e+00
---
> Lorenz 95 nobs= 120 Min=3.7750714660572902e+00, Max=1.1184390839101701e+01, Average=7.7504740680820685e+00
23c28
< Lorenz 95 nobs= 120 Min=5.3688150613089300e+00, Max=1.0844015150837601e+01, Average=7.8057606908578174e+00
---
> Lorenz 95 nobs= 120 Min=5.3688150613089300e+00, Max=1.0844015150837601e+01, Average=7.8057606908578112e+00
26c31
< Lorenz 95 nobs= 120 Min=4.1463865178134700e+00, Max=1.1673384864377301e+01, Average=7.7600117472793606e+00
---
> Lorenz 95 nobs= 120 Min=4.1463865178134700e+00, Max=1.1673384864377301e+01, Average=7.7600117472793588e+00
29c34
< Lorenz 95 nobs= 120 Min=3.1756287528176999e+00, Max=1.0818287765402999e+01, Average=7.6024271099360394e+00
---
> Lorenz 95 nobs= 120 Min=3.1756287528176999e+00, Max=1.0818287765402999e+01, Average=7.6024271099360359e+00
32c37
< Lorenz 95 nobs= 120 Min=5.2519885916484164e+00, Max=9.5020752396112194e+00, Average=7.7656901572008303e+00
---
> Lorenz 95 nobs= 120 Min=5.2519885916484164e+00, Max=9.5020752396112194e+00, Average=7.7656901572008321e+00
35c40
< Lorenz 95 nobs= 120 Min=-1.4837852396112190e+00, Max=2.7440514083515835e+00, Average=2.4570017613250186e-01
---
> Lorenz 95 nobs= 120 Min=-1.4837852396112190e+00, Max=2.7440514083515835e+00, Average=2.4570017613250214e-01
39c44,45
<  Min=5.2519885916484164e+00, Max=9.5020752396112176e+00, Average=7.7656901572008321e+00
---
>  Min=5.2519885916484164e+00, Max=9.5020752396112176e+00, Average=7.7656901572008312e+00
> 
42c48,49
<  Min=6.7304426353864368e+00, Max=9.1900214857185247e+00, Average=7.9883188901596487e+00
---
>  Min=6.7304419255861516e+00, Max=9.1900216868057498e+00, Average=7.9883186215836215e+00
> 
45c52
<  Min=-1.5531563274149347e+00, Max=2.4136205479070503e+00, Average=2.2262873295881355e-01
---
>  Min=-1.5531573321040391e+00, Max=2.4136180712130129e+00, Average=2.2262846438279107e-01
48c55
<  Min=1.8005268601820407e-01, Max=5.9517881311415444e+00, Average=2.1631132241838325e+00
---
>  Min=1.8005268601820407e-01, Max=5.9517881311415577e+00, Average=2.1631132241838333e+00
51c58
<  Min=1.1694195574830966e-01, Max=3.3977326326995412e+00, Average=1.2228903788393977e+00
---
>  Min=1.2782349572616239e-01, Max=3.5305573817873177e+00, Average=1.3172050751231781e+00
53c60
< Lorenz 95 nobs= 120 Min=6.3908839585844870e+00, Max=9.9618961206521224e+00, Average=8.0814250350821073e+00
---
> Lorenz 95 nobs= 120 Min=6.3171216804566521e+00, Max=1.0129110758870258e+01, Average=8.0974626321653744e+00
56c63
< Lorenz 95 nobs= 120 Min=5.6408961000067084e+00, Max=9.8792673391445351e+00, Average=7.9657560850687092e+00
---
> Lorenz 95 nobs= 120 Min=5.5372774149107169e+00, Max=9.9429464772833072e+00, Average=7.9752181974877674e+00
59c66
< Lorenz 95 nobs= 120 Min=6.1478222062592058e+00, Max=1.0526155797832523e+01, Average=8.0388532586781238e+00
---
> Lorenz 95 nobs= 120 Min=5.9863385719235236e+00, Max=1.0592448741901796e+01, Average=8.0170750609491073e+00
62c69
< Lorenz 95 nobs= 120 Min=4.6575673085026850e+00, Max=1.1398386505363874e+01, Average=8.0015315861040310e+00
---
> Lorenz 95 nobs= 120 Min=4.5754170937307954e+00, Max=1.1529525198917627e+01, Average=7.9855706599514207e+00
65c72
< Lorenz 95 nobs= 120 Min=5.0397624370753942e+00, Max=9.7460121497039722e+00, Average=7.8540284858652543e+00
---
> Lorenz 95 nobs= 120 Min=5.0115186905000071e+00, Max=9.8176333734334982e+00, Average=7.8662665573644386e+00
68c75
< Lorenz 95 nobs= 120 Min=6.7304426353864359e+00, Max=9.1900214857185230e+00, Average=7.9883188901596469e+00
---
> Lorenz 95 nobs= 120 Min=6.7304419255861507e+00, Max=9.1900216868057498e+00, Average=7.9883186215836206e+00
71c78
< Lorenz 95 nobs= 120 Min=-2.6570273421289059e-01, Max=4.4146039731496423e-01, Average=2.3071443173688255e-02
---
> Lorenz 95 nobs= 120 Min=-2.6570251302323733e-01, Max=4.4146356731631275e-01, Average=2.3071711749711142e-02
73,74c80,81
< ombg RMS: 8.6409563643508913e-01
< oman RMS: 1.4632127546401907e-01
---
> ombg RMS: 8.6409563643508958e-01
> oman RMS: 1.4632156767719079e-01
