Initial state for member 1:
 Valid time: 2010-01-02T00:00:00Z
 Min=3.5360944731346300e+00, Max=1.1197408772662600e+01, Average=7.9097771698488781e+00
Initial state for member 2:
 Valid time: 2010-01-02T00:00:00Z
 Min=3.7750714660572902e+00, Max=1.1184390839101701e+01, Average=7.7504740680820658e+00
Initial state for member 3:
 Valid time: 2010-01-02T00:00:00Z
 Min=5.3688150613089300e+00, Max=1.0844015150837601e+01, Average=7.8057606908578121e+00
Initial state for member 4:
 Valid time: 2010-01-02T00:00:00Z
 Min=4.1463865178134700e+00, Max=1.1673384864377301e+01, Average=7.7600117472793597e+00
Initial state for member 5:
 Valid time: 2010-01-02T00:00:00Z
 Min=3.1756287528176999e+00, Max=1.0818287765402999e+01, Average=7.6024271099360359e+00
H(x) for member 1:
Lorenz 95 nobs= 120 Min=3.5360944731346300e+00, Max=1.1197408772662600e+01, Average=7.9097771698488808e+00

H(x) for member 2:
Lorenz 95 nobs= 120 Min=3.7750714660572902e+00, Max=1.1184390839101701e+01, Average=7.7504740680820694e+00

H(x) for member 3:
Lorenz 95 nobs= 120 Min=5.3688150613089300e+00, Max=1.0844015150837601e+01, Average=7.8057606908578174e+00

H(x) for member 4:
Lorenz 95 nobs= 120 Min=4.1463865178134700e+00, Max=1.1673384864377301e+01, Average=7.7600117472793606e+00

H(x) for member 5:
Lorenz 95 nobs= 120 Min=3.1756287528176999e+00, Max=1.0818287765402999e+01, Average=7.6024271099360394e+00

H(x) ensemble background mean: 
Lorenz 95 nobs= 120 Min=5.2519885916484164e+00, Max=9.5020752396112194e+00, Average=7.7656901572008303e+00

background y - H(x): 
Lorenz 95 nobs= 120 Min=-1.4837852396112190e+00, Max=2.7440514083515835e+00, Average=2.4570017613250186e-01

Background mean :
 Valid time: 2010-01-02T00:00:00Z
 Min=5.2519885916484164e+00, Max=9.5020752396112176e+00, Average=7.7656901572008321e+00
Analysis mean :
 Valid time: 2010-01-02T00:00:00Z
 Min=6.8601271913211139e+00, Max=9.2426167873639891e+00, Average=7.8496305858828110e+00
Analysis mean increment :
 Valid time: 2010-01-02T00:00:00Z
 Min=-1.9088707310591086e+00, Max=1.6081385996726976e+00, Average=8.3940428681981039e-02
Forecast variance :
 Valid time: 2010-01-02T00:00:00Z
 Min=1.8005268601820407e-01, Max=5.9517881311415444e+00, Average=2.1631132241838325e+00
Analysis variance :
 Valid time: 2010-01-02T00:00:00Z
 Min=1.0733288773225665e-01, Max=3.3132210748109654e+00, Average=1.2320821915237454e+00
H(x) for member 1:
Lorenz 95 nobs= 120 Min=5.5654054619957884e+00, Max=1.0042183123301745e+01, Average=7.9509117807080649e+00

H(x) for member 2:
Lorenz 95 nobs= 120 Min=5.0412131602269517e+00, Max=9.7695884217764331e+00, Average=7.8575315728244419e+00

H(x) for member 3:
Lorenz 95 nobs= 120 Min=5.6665921153246286e+00, Max=1.0313166554131891e+01, Average=7.8618075325737031e+00

H(x) for member 4:
Lorenz 95 nobs= 120 Min=4.4498363066082023e+00, Max=1.1561437179440034e+01, Average=7.8440066660055887e+00

H(x) for member 5:
Lorenz 95 nobs= 120 Min=5.1572224758157450e+00, Max=9.6437512223579418e+00, Average=7.7338953773022547e+00

H(x) ensemble analysis mean: 
Lorenz 95 nobs= 120 Min=6.8601271913211157e+00, Max=9.2426167873639891e+00, Average=7.8496305858828093e+00

analysis y - H(x): 
Lorenz 95 nobs= 120 Min=-5.6063259500179008e-01, Max=1.1803767300675201e+00, Average=1.6175974745052105e-01

ombg RMS: 8.6409563643508913e-01
oman RMS: 4.1686115580472255e-01
